---
layout: post
title:  "linux命令"
categories: [实施工程]
tags: [linux]
---

1.查找java

```
find / -name java
find . -name java
chkconfig --list rsync
```

2.删除

`rm -rf`  

3.运行  

```
#!/bin/sh
nohup /export/home/gpower/cms5/bin/startup.sh &
```

4.权限  

```
chmod +x *.sh
```

5.查看后台输出  

`tail -f catalina.out`

6.创建文件夹  

```
mkdir 123
touch 123.txt
```

7.打包命令  
打包并保留原文件  
将整个 /etc 目录下的文件全部打包成为 /tmp/etc.tar  

```
[root@linux ~]# tar -cvf /tmp/etc.tar /etc <==仅打包，不压缩！
[root@linux ~]# tar -zcvf /tmp/etc.tar.gz /etc <==打包后，以 gzip 压缩
[root@linux ~]# tar -jcvf /tmp/etc.tar.bz2 /etc <==打包后，以 bzip2 压缩
tar zxvf 123.tar.gz解压缩
unzip 123.zip
zip -r setup.zip /home/tomcat/Tomcat5.5_Gpower/webapps/publish/gpower/download/cms521/setup/
```

8.参看linux系统语言  

```
查看 /etc/sysconfig/i18n
[root@MasServer sysconfig]# cat i18n
```

9.查看内存  

`free -m`  

10.查看JDK版本  

`java -verion`  

11.查看硬盘空间  

`df`  

12.重启  

`reboot`  

13.退出vi及保存文件  

　　在「命令行模式（command mode）」下，按一下「：」冒号键进入「Last line mode」，例如:  

```
: w filename （输入 「w filename」将文章以指定的文件名filename保存） 
: wq (输入「wq」，存盘并退出vi) 
: q! (输入q!， 不存盘强制退出vi) 
```

14.应用服务器乱码  

```
JAVA_OPTS='-Xms512m -Xmx1024m -Dfile.encoding=GBK -Ddefault.client.encoding=GBK '
```

15.强制结束一个java进程  

`kill -9 id`  

16.设置中文  

```
LC_ALL=zh_CN.GBK
export LC_ALL
改 /etc/sysconfig/i18n 文件，如
LANG="en_US.UTF-8"，xwindow会显示英文界面，
LANG="zh_CN.GBK"，xwindow会显示中文界面。 
还有一种方法 cp /etc/sysconfig/i18n $HOME/.i18n 
修改 $HOME/.i18n 文件，如
LANG="en_US.UTF-8"，xwindow会显示英文界面，
LANG="zh_CN.GBK"，xwindow会显示中文界面。
这样就可以改变个人的界面语言，而不影响别的用户

修改后的/etc/sysconfig/i18n 文件为：
LANG="zh_CN.GB18030"
LANGUAGE="zh_CN.GB18030:zh_CN.GB2312:zh_CN"
SUPPORTED="zh_CN.UTF-8:zh_CN:zh:en_US.UTF-8:en_US:en"
SYSFONT="latarcyrheb-sun16"
LC_ALL="zh_CN.GBK"
export LC_ALL

设置完毕后重启或者用rc.local使生效


或修改登录用户的.bash_profile文件加入
export LANG=zh_CN.GBK
export LANGUAGE=zh_CN.GBK:zh_CN.GB2312:zh_CN
```

17.防火墙开启关闭  

开启： `service iptables start`  
关闭： `service iptables stop`  
开放`6666`端口  
`iptables -A INPUT -p tcp --dport 6666 -j ACCEPT`  
`iptables -A INPUT -j DROP`  

`nc -lp 1600 &
netstat -na |grep 1600`  

18.用户  

```
useradd 选项 用户名
　-c comment 指定一段注释性描述。
　　-d 目录 指定用户主目录，如果此目录不存在，则同时使用-m选项，可以创建主目录。
　　-g 用户组 指定用户所属的用户组。
　　-G 用户组，用户组 指定用户所属的附加组。
　　-s Shell文件 指定用户的登录Shell。
　　-u 用户号 指定用户的用户号，如果同时有-o选项，则可以重复使用其他用户的标识号。
passwd 选项 用户名
-l 锁定口令，即禁用账号。
　　-u 口令解锁。
　　-d 使账号无口令。
　　-f 强迫用户下次登录时修改口令。
　　如果默认用户名，则修改当前用户的口令。
```

19.文件复制  

```
scp user@servername:/home/ftp/pub/file1 将远程服务器下file1拷贝到当前目录下
scp file1 user@servername:/home/ftp/ 将当前文件夹下的file1拷贝到远程目录下
scp -P 12315 
```

20.挂载,将mnt/data挂到根目录下  

```
umount /mnt/data
vi /etc/fstab
/mnt/data	data	ext3	defaults	0 0
mount /dev/sda10 /data
```

21.查看linux系统位数  

`getconf LONG_BIT`

22.vsftp  
setenforce 0设置成0才可以上传文件夹
getenforce

23.查看Linux系统版本  

```
lsb_release -a
cat /etc/issue
```

24.修改系统密码  

```
1.在grub选项菜单按E进入编辑模式
　　2.编辑kernel那行 /init 1 (或/single)
　　3.按B重启
　　4.进入后执行下列命令
　　root@#passwd root (设置root的密码)
　　Enter new unix password:输入新的密码
　　root@#init 6　
```

25.Linux计划任务  

```
*/2 * * * * /home/chmod.sh	每隔两分钟执行一次
0 0 * * * /home/chmod.sh	每天凌晨0点0分执行
crontab -u root /var/spool/cron/root
```

26.selinux  

```
vi /etc/sysconfig/selinux
SELINUX=disabled
```

27.`grep MemTotal /proc/meminfo`查看内存大小  

28.`mkfs -t ext3 /dev/sdb1` 格式化目录  

29.`mount -t auto /dev/sdb1 /oracle` 挂载  

30.查看cpu个数
`cat /proc/cpuinfo`  

31.关闭root用户远程登录  

```
修改SSHD服务的配置文件/etc/ssh/sshd_config
   将#PermitRootLogin yes 改为PermitRootLogin no
重启sshd服务使配置生效 
   /etc/rc.d/init.d/sshd restart

gunzip 文件名.cpio.gz
cpio -idmv < 文件名.cpio
```

32.Linux硬盘挂载  

1. 添加磁盘，查看磁盘状况

```
[root@db1 /]# fdisk -l
Disk /dev/sda: 10.7 GB, 10737418240 bytes
255 heads, 63 sectors/track, 1305 cylinders
Units = cylinders of 16065 * 512 = 8225280 bytes
   Device Boot      Start         End      Blocks   Id  System
/dev/sda1   *         151        1305     9277537+  83  Linux
/dev/sda2               1         150     1204843+  82  Linux swap
Partition table entries are not in disk order
Disk /dev/sdb: 5368 MB, 5368709120 bytes
255 heads, 63 sectors/track, 652 cylinders
Units = cylinders of 16065 * 512 = 8225280 bytes
   Device Boot      Start         End      Blocks   Id  System
```

从查询结果看出，多了一个/dev/sdb的盘  

2. 用fdisk 对/dev/sdb 进行分区  

```
[root@db1 /]# fdisk /dev/sdb
Command (m for help): n
Command action
   e   extended
   p   primary partition (1-4)
p
Partition number (1-4): 1
First cylinder (1-652, default 1):
Using default value 1
Last cylinder or +size or +sizeM or +sizeK (1-652, default 652):
Using default value 652
 
Command (m for help): w
The partition table has been altered!
 
Calling ioctl() to re-read partition table.
Syncing disks.
```

再次查看分区情况，多出来一个/dev/sdb1 的区，这个1是我们在前面指定的，如果我们指定2，就变成 sdb2了。  

```
[root@db1 /]# fdisk -l
 
Disk /dev/sda: 10.7 GB, 10737418240 bytes
255 heads, 63 sectors/track, 1305 cylinders
Units = cylinders of 16065 * 512 = 8225280 bytes
   Device Boot      Start         End      Blocks   Id  System
/dev/sda1   *         151        1305     9277537+  83  Linux
/dev/sda2               1         150     1204843+  82  Linux swap
Partition table entries are not in disk order
 
Disk /dev/sdb: 5368 MB, 5368709120 bytes
255 heads, 63 sectors/track, 652 cylinders
Units = cylinders of 16065 * 512 = 8225280 bytes
 
   Device Boot      Start         End      Blocks   Id  System
/dev/sdb1               1         652     5237158+  83  Linux
[root@db1 /]#
 ```

如果创建完之后，`/proc/partitions` 查看不到对应的分区，使用`parprobe` 命令刷新一下就可以了：  

```
[root@web1 ~]# cat /proc/partitions 
major minor  #blocks  name


   8     0  175825944 sda
   8     1    1020096 sda1
   8     2   30716280 sda2
   8     3    8193150 sda3
[root@web1 ~]# partprobe /dev/sda
[root@web1 ~]# cat /proc/partitions 
major minor  #blocks  name


   8     0  175825944 sda
   8     1    1020096 sda1
   8     2   30716280 sda2
   8     3    8193150 sda3
   8     4  135893835 sda4
[root@web1 ~]# 
```

1. 格式化 /dev/sdb1 分区  

```
[root@db1 /]# mkfs -t ext3 /dev/sdb1
mke2fs 1.35 (28-Feb-2004)
Filesystem label=
OS type: Linux
Block size=4096 (log=2)
Fragment size=4096 (log=2)
655360 inodes, 1309289 blocks
65464 blocks (5.00%) reserved for the super user
First data block=0
Maximum filesystem blocks=1342177280
40 block groups
32768 blocks per group, 32768 fragments per group
16384 inodes per group
Superblock backups stored on blocks:
        32768, 98304, 163840, 229376, 294912, 819200, 884736
 
Writing inode tables: done
Creating journal (8192 blocks): done
Writing superblocks and filesystem accounting information: done
 
This filesystem will be automatically checked every 30 mounts or
180 days, whichever comes first.  Use tune2fs -c or -i to override.
```

4. 创建目录 并将 /dev/sdb1 挂在到该目录下  

```
[root@db1 /]# ls
backup  dev   initrd      media  opt   sbin     sys       usr
bin     etc   lib         misc   proc  selinux  tftpboot  var
boot    home  lost+found  mnt    root  srv      tmp
[root@db1 /]# mkdir /u01
[root@db1 /]# ls
backup  dev   initrd      media  opt   sbin     sys       u01
bin     etc   lib         misc   proc  selinux  tftpboot  usr
boot    home  lost+found  mnt    root  srv      tmp       var
[root@db1 /]# mount /dev/sdb1 /u01
```

5. 验证挂载是否成功  

```
[root@db1 /]# df -h
Filesystem           1K-blocks      Used Available Use% Mounted on
/dev/sda1              9131772   7066884   1601012  82% /
none                    454256         0    454256   0% /dev/shm
/dev/sdb1              5154852     43040   4849956   1% /backup
```

1. 设置开机自动挂载  

```
[root@db1 /]# vi /etc/fstab
# This file is edited by fstab-sync - see 'man fstab-sync' for details
LABEL=/                 /                       ext3    defaults        1 1
none                    /dev/pts                devpts  gid=5,mode=620  0 0
none                    /dev/shm                tmpfs   defaults        0 0
none                    /proc                   proc    defaults        0 0
none                    /sys                    sysfs   defaults        0 0
LABEL=SWAP-sda2         swap                    swap    defaults        0 0
/dev/sdb1               /u01                 ext3    defaults        0 0
/dev/hdc                /media/cdrom            auto    pamconsole,exec,noauto,m
anaged 0 0
/dev/fd0                /media/floppy           auto    pamconsole,exec,noauto,m
anaged 0 0
```

`ps -ef|grep java |awk '{print $2}'|xargs kill -9`

查找文件内容  

`find /home/cms61/webapps -name "*" | xargs grep "abcredit.be" >/home/wzh/find.txt`

软连接
`ln -s 源 目标`

linux系统同时运行的数量（线程）  

查看：`sysctl kernel.msgmni`  

设置：`sysctl -w kernel.msgmni=800`  

```
sysctl -w kernel.msgmni=2048
sysctl -w kernel.shmmax=1073741824
sysctl -w fs.file-max=32768
sysctl -w kernel.sem="512 32000 32 1024"

echo 8192000 > /proc/sys/fs/inotify/max_user_watches
```

修改centos yum源

1. `cd /etc/yum.repos.d`

2. `mv CentOS-Base.repo CentOS-Base.repo.backup`

3. `wget http://mirrors.163.com/.help/CentOS6-Base-163.repo`

4. `mv CentOS6-Base-163.repo CentOS-Base.repo`

5.`yum clean all`

`yum -y install gcc* --nogpgcheck`

```
mount -t nfs -o rw 10.13.8.51://vol/cms_tongyuan_subbackstage /webbak
mount -t nfs -o rw 10.13.8.51:/vol/cms_backstage_tongyuan /home/cufemysqlbak
10.13.8.51:/vol/cms_backstage_tongyuan  /home/cufemysqlbak      nfs     defaults        0 0



mount -t nfs -o ro 59.65.196.227:/vx/ServerNFS/GPowerCMS/APP /media/gpweb
59.65.196.227:/vx/ServerNFS/GPowerCMS/APP       /media/storage/         nfs     defaults        0       2


mount -t nfs -o ro nas01.nas.sxu.edu.cn:/ifs/cms /cmsweb

mount -t nfs -o rw nas01.nas.sxu.edu.cn:/ifs/cms /cms 
umount -l /cms
```

搭建本地yum源  

`mkdir /iso`  

将linux6的源上传到iso下  

`mount -o loop rhel6u5.iso linux6/`  

修改配置文件  

```
cd /etc/yum.repos.d/
vi local.repo
name=Thisis a local repo
baseurl=file:///iso/linux6
enabled=1
gpgcheck=0
```
